src/App.tsx(1,8): error TS6133: 'React' is declared but its value is never read.
src/App.tsx(7,24): error TS6133: 'setActiveFile' is declared but its value is never read.
src/components/Explorer/FileExplorer.tsx(1,8): error TS6133: 'React' is declared but its value is never read.
src/components/Explorer/FileExplorer.tsx(44,19): error TS6133: 'setFiles' is declared but its value is never read.
src/components/Layout/ActivityBar.tsx(1,1): error TS6133: 'React' is declared but its value is never read.
src/components/Layout/Sidebar.tsx(1,1): error TS6133: 'React' is declared but its value is never read.
src/components/Layout/TitleBar.tsx(1,1): error TS6133: 'React' is declared but its value is never read.
